// Jest Snapshot v1, https://goo.gl/fbAQLP

exports[`Component render 1`] = `
<div
  className="card border"
/>
`;
