// Jest Snapshot v1, https://goo.gl/fbAQLP

exports[`Component render 1`] = `
<img
  alt="ReactJS Spinner"
  className="image"
  src="test-file-stub"
/>
`;
